
/home/runner/work/exp-unsteady-heat-conduction-i-iitb/exp-unsteady-heat-conduction-i-iitb/experiment/simulation/common_libraries/js/ts_components/collapse_step.js
   1:10  warning  'show_step' is defined but never used                 no-unused-vars
   2:5   warning  '$' is not defined                                    no-undef
   3:9   warning  '$' is not defined                                    no-undef
   6:10  warning  'hide_step' is defined but never used                 no-unused-vars
   7:5   warning  '$' is not defined                                    no-undef
   8:9   warning  '$' is not defined                                    no-undef
  11:10  warning  'get_collapse_btn_text' is defined but never used     no-unused-vars
  20:10  warning  'get_collapse_btn_element' is defined but never used  no-unused-vars
  29:10  warning  'hide_all_steps' is defined but never used            no-unused-vars
  31:9   warning  '$' is not defined                                    no-undef

/home/runner/work/exp-unsteady-heat-conduction-i-iitb/exp-unsteady-heat-conduction-i-iitb/experiment/simulation/common_libraries/js/ts_components/matrix.js
   27:26  warning  'MathJax' is not defined                                no-undef
   32:7   warning  'Matrix_Without_String' is defined but never used       no-unused-vars
   52:26  warning  'MathJax' is not defined                                no-undef
   56:10  warning  'get_matrix_html' is defined but never used             no-unused-vars
   87:13  warning  'row_html' is assigned a value but never used           no-unused-vars
   99:10  warning  'get_matrix_html_with_title' is defined but never used  no-unused-vars
  131:13  warning  'row_html' is assigned a value but never used           no-unused-vars
  143:10  warning  'convert_2d_to_1d_vector' is defined but never used     no-unused-vars
  156:10  warning  'convert_1d_to_2d_matrix' is defined but never used     no-unused-vars

/home/runner/work/exp-unsteady-heat-conduction-i-iitb/exp-unsteady-heat-conduction-i-iitb/experiment/simulation/common_libraries/js/ts_components/pannel.js
  8:7  warning  'Pannel' is defined but never used  no-unused-vars

/home/runner/work/exp-unsteady-heat-conduction-i-iitb/exp-unsteady-heat-conduction-i-iitb/experiment/simulation/common_libraries/js/ts_components/questions.js
   6:17  warning  'op1' is assigned a value but never used      no-unused-vars
   7:17  warning  'op2' is assigned a value but never used      no-unused-vars
   8:17  warning  'op3' is assigned a value but never used      no-unused-vars
   9:17  warning  'op4' is assigned a value but never used      no-unused-vars
  94:7   warning  'Question_Options' is defined but never used  no-unused-vars

/home/runner/work/exp-unsteady-heat-conduction-i-iitb/exp-unsteady-heat-conduction-i-iitb/experiment/simulation/common_libraries/js/ts_components/tables.js
   19:22  warning  'verify_values' is not defined                                     no-undef
  137:22  warning  'verify_values' is not defined                                     no-undef
  260:7   warning  'Verify_Rows_Cols_6_decimal_places' is defined but never used      no-unused-vars
  311:22  warning  'verify_values' is not defined                                     no-undef
  416:7   warning  'Verify_Rows_Cols_Custom_Fixed_Update1' is defined but never used  no-unused-vars
  468:7   warning  'Show_Table_Custom_Fixed' is defined but never used                no-unused-vars
  506:7   warning  'Verify_Rows_Cols_Strings' is defined but never used               no-unused-vars
  527:22  warning  'verify_values' is not defined                                     no-undef
  663:7   warning  'Display_Table' is defined but never used                          no-unused-vars

/home/runner/work/exp-unsteady-heat-conduction-i-iitb/exp-unsteady-heat-conduction-i-iitb/experiment/simulation/common_libraries/js/ts_math_library/general_math_functions.js
    1:10  warning  'verify_values' is defined but never used                   no-unused-vars
   17:10  warning  'random1' is defined but never used                         no-unused-vars
   21:10  warning  'std_deviation' is defined but never used                   no-unused-vars
   26:10  warning  'gauss' is defined but never used                           no-unused-vars
   56:10  warning  'hide_panel' is defined but never used                      no-unused-vars
   63:10  warning  'inverse_matrix' is defined but never used                  no-unused-vars
   96:10  warning  'matrix_multiplication' is defined but never used           no-unused-vars
  113:10  warning  'transpose_matrix' is defined but never used                no-unused-vars
  123:10  warning  'matrix_multiplication_8decimal' is defined but never used  no-unused-vars
  140:10  warning  'adjoint_2x2_matrix' is defined but never used              no-unused-vars
  145:10  warning  'find_deteminant' is defined but never used                 no-unused-vars
  174:10  warning  'get_Submatrix' is defined but never used                   no-unused-vars

/home/runner/work/exp-unsteady-heat-conduction-i-iitb/exp-unsteady-heat-conduction-i-iitb/experiment/simulation/common_libraries/js/ts_math_library/regression.js
   1:10  warning  'regression_linear' is defined but never used            no-unused-vars
  18:10  warning  'regression_linear_1variable' is defined but never used  no-unused-vars
  27:10  warning  'regression_linear_2variable' is defined but never used  no-unused-vars
  52:11  warning  'gauss' is not defined                                   no-undef

/home/runner/work/exp-unsteady-heat-conduction-i-iitb/exp-unsteady-heat-conduction-i-iitb/experiment/simulation/common_libraries/math.ob.js
  1:745  warning  'b' is already defined  no-redeclare

/home/runner/work/exp-unsteady-heat-conduction-i-iitb/exp-unsteady-heat-conduction-i-iitb/experiment/simulation/js/activity1.js
   19:24   warning  'MathJax' is not defined                    no-undef
   22:10   warning  'start_act1' is defined but never used      no-unused-vars
   27:20   warning  'get_collapse_btn_text' is not defined      no-undef
   32:18   warning  'act1_diam' is not defined                  no-undef
   32:33   warning  'act1_diam' is not defined                  no-undef
   32:61   warning  'act1_b' is not defined                     no-undef
   32:110  warning  'act1_uni_temp' is not defined              no-undef
   32:196  warning  'act1_env_temp' is not defined              no-undef
   32:254  warning  'act1_rho' is not defined                   no-undef
   32:304  warning  'act1_cp' is not defined                    no-undef
   32:349  warning  'act1_k' is not defined                     no-undef
   32:424  warning  'act1_h' is not defined                     no-undef
   32:511  warning  'act1_slab_temp' is not defined             no-undef
   73:5    warning  'hide_all_steps' is not defined             no-undef
   74:24   warning  'show_step' is not defined                  no-undef
   75:24   warning  'MathJax' is not defined                    no-undef
   79:5    warning  'act1_L' is not defined                     no-undef
   79:14   warning  'act1_b_val' is not defined                 no-undef
   80:5    warning  'act1_bi' is not defined                    no-undef
   80:16   warning  'act1_h' is not defined                     no-undef
   80:25   warning  'act1_L' is not defined                     no-undef
   80:35   warning  'act1_k' is not defined                     no-undef
   81:5    warning  'act1_theta' is not defined                 no-undef
   81:18   warning  'act1_slab_temp' is not defined             no-undef
   81:35   warning  'act1_env_temp' is not defined              no-undef
   82:5    warning  'act1_theta0' is not defined                no-undef
   82:19   warning  'act1_uni_temp' is not defined              no-undef
   82:35   warning  'act1_env_temp' is not defined              no-undef
   83:5    warning  'act1_t' is not defined                     no-undef
   83:16   warning  'act1_rho' is not defined                   no-undef
   83:27   warning  'act1_cp_val' is not defined                no-undef
   83:41   warning  'act1_b_val' is not defined                 no-undef
   83:55   warning  'act1_h' is not defined                     no-undef
   83:73   warning  'act1_theta' is not defined                 no-undef
   83:86   warning  'act1_theta0' is not defined                no-undef
   84:29   warning  'act1_L' is not defined                     no-undef
   85:30   warning  'act1_bi' is not defined                    no-undef
   86:28   warning  'act1_theta' is not defined                 no-undef
   87:34   warning  'act1_theta0' is not defined                no-undef
   88:29   warning  'act1_t' is not defined                     no-undef
   90:10   warning  'verify_act1_l' is defined but never used   no-unused-vars
   95:10   warning  'verify_values' is not defined              no-undef
   95:82   warning  'act1_L' is not defined                     no-undef
  101:25   warning  'act1_L' is not defined                     no-undef
  104:10   warning  'verify_act1_bi' is defined but never used  no-unused-vars
  109:10   warning  'verify_values' is not defined              no-undef
  109:82   warning  'act1_bi' is not defined                    no-undef
  115:25   warning  'act1_bi' is not defined                    no-undef
  118:10   warning  'verify_act1_t' is defined but never used   no-unused-vars
  122:10   warning  'verify_values' is not defined              no-undef
  122:82   warning  'act1_t' is not defined                     no-undef
  128:25   warning  'act1_t' is not defined                     no-undef
  129:5    warning  'activity2' is not defined                  no-undef

/home/runner/work/exp-unsteady-heat-conduction-i-iitb/exp-unsteady-heat-conduction-i-iitb/experiment/simulation/js/activity2.js
    1:10   warning  'activity2' is defined but never used       no-unused-vars
   16:5    warning  'maindiv' is not defined                    no-undef
   17:24   warning  'MathJax' is not defined                    no-undef
   19:10   warning  'start_act2' is defined but never used      no-unused-vars
   24:20   warning  'get_collapse_btn_text' is not defined      no-undef
   29:32   warning  'act2_d' is not defined                     no-undef
   29:90   warning  'act2_ini_temp' is not defined              no-undef
   29:170  warning  'act2_env_temp' is not defined              no-undef
   29:258  warning  'act2_fin_temp' is not defined              no-undef
   30:31   warning  'act2_k' is not defined                     no-undef
   30:64   warning  'act2_cp' is not defined                    no-undef
   31:25   warning  'act2_rho' is not defined                   no-undef
   31:92   warning  'act2_h' is not defined                     no-undef
   80:5    warning  'maindiv' is not defined                    no-undef
   82:24   warning  'show_step' is not defined                  no-undef
   83:24   warning  'MathJax' is not defined                    no-undef
   86:5    warning  'act2_L' is not defined                     no-undef
   86:14   warning  'act2_d_val' is not defined                 no-undef
   87:5    warning  'act2_bi' is not defined                    no-undef
   87:16   warning  'act2_h' is not defined                     no-undef
   87:25   warning  'act2_L' is not defined                     no-undef
   87:35   warning  'act2_k' is not defined                     no-undef
   88:5    warning  'act2_a' is not defined                     no-undef
   88:30   warning  'act2_d_val' is not defined                 no-undef
   89:5    warning  'act2_v' is not defined                     no-undef
   89:44   warning  'act2_d_val' is not defined                 no-undef
   89:62   warning  'act2_d_val' is not defined                 no-undef
   90:5    warning  'act2_theta' is not defined                 no-undef
   90:18   warning  'act2_fin_temp' is not defined              no-undef
   90:34   warning  'act2_env_temp' is not defined              no-undef
   91:5    warning  'act2_theta0' is not defined                no-undef
   91:19   warning  'act2_ini_temp' is not defined              no-undef
   91:35   warning  'act2_env_temp' is not defined              no-undef
   92:5    warning  'act2_t' is not defined                     no-undef
   92:16   warning  'act2_rho' is not defined                   no-undef
   92:27   warning  'act2_cp' is not defined                    no-undef
   92:43   warning  'act2_v' is not defined                     no-undef
   92:54   warning  'act2_h' is not defined                     no-undef
   92:63   warning  'act2_a' is not defined                     no-undef
   92:82   warning  'act2_theta' is not defined                 no-undef
   92:95   warning  'act2_theta0' is not defined                no-undef
   93:29   warning  'act2_L' is not defined                     no-undef
   94:30   warning  'act2_bi' is not defined                    no-undef
   95:29   warning  'act2_a' is not defined                     no-undef
   96:29   warning  'act2_v' is not defined                     no-undef
   97:28   warning  'act2_theta' is not defined                 no-undef
   98:28   warning  'act2_theta' is not defined                 no-undef
   99:34   warning  'act2_theta0' is not defined                no-undef
  100:29   warning  'act2_t' is not defined                     no-undef
  102:10   warning  'verify_act2_bi' is defined but never used  no-unused-vars
  107:10   warning  'verify_values' is not defined              no-undef
  107:82   warning  'act2_bi' is not defined                    no-undef
  113:25   warning  'act2_bi' is not defined                    no-undef
  116:10   warning  'verify_act2_a' is defined but never used   no-unused-vars
  121:10   warning  'verify_values' is not defined              no-undef
  121:82   warning  'act2_a' is not defined                     no-undef
  127:25   warning  'act2_a' is not defined                     no-undef
  130:10   warning  'verify_act2_t' is defined but never used   no-unused-vars
  134:10   warning  'verify_values' is not defined              no-undef
  134:82   warning  'act2_t' is not defined                     no-undef
  140:25   warning  'act2_t' is not defined                     no-undef
  141:5    warning  'activity3' is not defined                  no-undef

/home/runner/work/exp-unsteady-heat-conduction-i-iitb/exp-unsteady-heat-conduction-i-iitb/experiment/simulation/js/activity3.js
    1:10   warning  'activity3' is defined but never used        no-unused-vars
   16:5    warning  'maindiv' is not defined                     no-undef
   17:24   warning  'MathJax' is not defined                     no-undef
   19:10   warning  'start_act3' is defined but never used       no-unused-vars
   24:20   warning  'get_collapse_btn_text' is not defined       no-undef
   29:31   warning  'act3_d' is not defined                      no-undef
   29:56   warning  'act3_l' is not defined                      no-undef
   29:103  warning  'act3_ini_temp' is not defined               no-undef
   29:162  warning  'act3_oil_temp' is not defined               no-undef
   29:197  warning  'act3_h' is not defined                      no-undef
   29:309  warning  'act3_fin_temp' is not defined               no-undef
   30:35   warning  'act3_rho' is not defined                    no-undef
   30:71   warning  'act3_cp' is not defined                     no-undef
   30:104  warning  'act3_k' is not defined                      no-undef
  104:5    warning  'maindiv' is not defined                     no-undef
  106:24   warning  'show_step' is not defined                   no-undef
  107:24   warning  'MathJax' is not defined                     no-undef
  110:5    warning  'act3_L' is not defined                      no-undef
  110:14   warning  'act3_d_val' is not defined                  no-undef
  111:5    warning  'act3_bi' is not defined                     no-undef
  111:16   warning  'act3_h' is not defined                      no-undef
  111:25   warning  'act3_L' is not defined                      no-undef
  111:35   warning  'act3_k' is not defined                      no-undef
  112:5    warning  'act3_as' is not defined                     no-undef
  112:25   warning  'act3_d_val' is not defined                  no-undef
  112:38   warning  'act3_l' is not defined                      no-undef
  113:5    warning  'act3_rth' is not defined                    no-undef
  113:21   warning  'act3_h' is not defined                      no-undef
  113:30   warning  'act3_as' is not defined                     no-undef
  114:5    warning  'act3_cth' is not defined                    no-undef
  114:16   warning  'act3_rho' is not defined                    no-undef
  114:27   warning  'act3_cp' is not defined                     no-undef
  114:61   warning  'act3_d_val' is not defined                  no-undef
  114:78   warning  'act3_l' is not defined                      no-undef
  115:5    warning  'act3_theta' is not defined                  no-undef
  115:18   warning  'act3_fin_temp' is not defined               no-undef
  115:34   warning  'act3_oil_temp' is not defined               no-undef
  116:5    warning  'act3_theta0' is not defined                 no-undef
  116:19   warning  'act3_ini_temp' is not defined               no-undef
  116:35   warning  'act3_oil_temp' is not defined               no-undef
  117:5    warning  'act3_t' is not defined                      no-undef
  117:16   warning  'act3_rth' is not defined                    no-undef
  117:27   warning  'act3_cth' is not defined                    no-undef
  117:47   warning  'act3_theta' is not defined                  no-undef
  117:60   warning  'act3_theta0' is not defined                 no-undef
  118:29   warning  'act3_L' is not defined                      no-undef
  119:30   warning  'act3_bi' is not defined                     no-undef
  120:30   warning  'act3_as' is not defined                     no-undef
  121:31   warning  'act3_rth' is not defined                    no-undef
  122:31   warning  'act3_cth' is not defined                    no-undef
  123:33   warning  'act3_theta' is not defined                  no-undef
  124:34   warning  'act3_theta0' is not defined                 no-undef
  125:29   warning  'act3_t' is not defined                      no-undef
  127:10   warning  'verify_act3_l' is defined but never used    no-unused-vars
  132:10   warning  'verify_values' is not defined               no-undef
  132:82   warning  'act3_L' is not defined                      no-undef
  138:25   warning  'act3_L' is not defined                      no-undef
  141:10   warning  'verify_act3_bi' is defined but never used   no-unused-vars
  146:10   warning  'verify_values' is not defined               no-undef
  146:82   warning  'act3_bi' is not defined                     no-undef
  152:25   warning  'act3_bi' is not defined                     no-undef
  155:10   warning  'verify_act3_as' is defined but never used   no-unused-vars
  160:10   warning  'verify_values' is not defined               no-undef
  160:82   warning  'act3_as' is not defined                     no-undef
  166:25   warning  'act3_as' is not defined                     no-undef
  169:10   warning  'verify_act3_rth' is defined but never used  no-unused-vars
  174:10   warning  'verify_values' is not defined               no-undef
  174:83   warning  'act3_rth' is not defined                    no-undef
  180:26   warning  'act3_rth' is not defined                    no-undef
  183:10   warning  'verify_act3_cth' is defined but never used  no-unused-vars
  188:10   warning  'verify_values' is not defined               no-undef
  188:83   warning  'act3_cth' is not defined                    no-undef
  194:26   warning  'act3_cth' is not defined                    no-undef
  197:10   warning  'verify_act3_t' is defined but never used    no-unused-vars
  201:10   warning  'verify_values' is not defined               no-undef
  201:83   warning  'act3_t' is not defined                      no-undef
  207:26   warning  'act3_t' is not defined                      no-undef

/home/runner/work/exp-unsteady-heat-conduction-i-iitb/exp-unsteady-heat-conduction-i-iitb/experiment/simulation/js/data.js
   2:5  warning  'act1_diam' is assigned a value but never used       no-unused-vars
   4:5  warning  'act1_b_val' is assigned a value but never used      no-unused-vars
   5:5  warning  'act1_uni_temp' is assigned a value but never used   no-unused-vars
   6:5  warning  'act1_env_temp' is assigned a value but never used   no-unused-vars
   7:5  warning  'act1_slab_temp' is assigned a value but never used  no-unused-vars
   9:5  warning  'act1_cp_val' is assigned a value but never used     no-unused-vars
  10:5  warning  'act1_k' is assigned a value but never used          no-unused-vars
  11:5  warning  'act1_h' is assigned a value but never used          no-unused-vars
  12:5  warning  'act1_rho' is assigned a value but never used        no-unused-vars
  13:5  warning  'act1_L' is assigned a value but never used          no-unused-vars
  14:5  warning  'act1_bi' is assigned a value but never used         no-unused-vars
  15:5  warning  'act1_theta' is assigned a value but never used      no-unused-vars
  16:5  warning  'act1_theta0' is assigned a value but never used     no-unused-vars
  17:5  warning  'act1_t' is assigned a value but never used          no-unused-vars
  20:5  warning  'act2_d_val' is assigned a value but never used      no-unused-vars
  21:5  warning  'act2_ini_temp' is assigned a value but never used   no-unused-vars
  22:5  warning  'act2_env_temp' is assigned a value but never used   no-unused-vars
  23:5  warning  'act2_fin_temp' is assigned a value but never used   no-unused-vars
  24:5  warning  'act2_k' is assigned a value but never used          no-unused-vars
  25:5  warning  'act2_cp' is assigned a value but never used         no-unused-vars
  26:5  warning  'act2_rho' is assigned a value but never used        no-unused-vars
  27:5  warning  'act2_h' is assigned a value but never used          no-unused-vars
  28:5  warning  'act2_L' is assigned a value but never used          no-unused-vars
  29:5  warning  'act2_bi' is assigned a value but never used         no-unused-vars
  30:5  warning  'act2_a' is assigned a value but never used          no-unused-vars
  31:5  warning  'act2_v' is assigned a value but never used          no-unused-vars
  32:5  warning  'act2_theta' is assigned a value but never used      no-unused-vars
  33:5  warning  'act2_theta0' is assigned a value but never used     no-unused-vars
  34:5  warning  'act2_t' is assigned a value but never used          no-unused-vars
  37:5  warning  'act3_d_val' is assigned a value but never used      no-unused-vars
  38:5  warning  'act3_l' is assigned a value but never used          no-unused-vars
  39:5  warning  'act3_h' is assigned a value but never used          no-unused-vars
  40:5  warning  'act3_ini_temp' is assigned a value but never used   no-unused-vars
  41:5  warning  'act3_oil_temp' is assigned a value but never used   no-unused-vars
  42:5  warning  'act3_fin_temp' is assigned a value but never used   no-unused-vars
  43:5  warning  'act3_k' is assigned a value but never used          no-unused-vars
  44:5  warning  'act3_cp' is assigned a value but never used         no-unused-vars
  45:5  warning  'act3_rho' is assigned a value but never used        no-unused-vars
  46:5  warning  'act3_L' is assigned a value but never used          no-unused-vars
  47:5  warning  'act3_bi' is assigned a value but never used         no-unused-vars
  48:5  warning  'act3_as' is assigned a value but never used         no-unused-vars
  49:5  warning  'act3_rth' is assigned a value but never used        no-unused-vars
  50:5  warning  'act3_cth' is assigned a value but never used        no-unused-vars
  51:5  warning  'act3_theta' is assigned a value but never used      no-unused-vars
  52:5  warning  'act3_theta0' is assigned a value but never used     no-unused-vars
  53:5  warning  'act3_t' is assigned a value but never used          no-unused-vars

✖ 289 problems (0 errors, 289 warnings)

